TimersManager.c:307:20:TMR_GetTimerStatus	16	static
TimersManager.c:320:13:TMR_SetTimerStatus	16	static
TimersManager.c:334:23:TMR_GetTimerType	16	static
TimersManager.c:347:13:TMR_SetTimerType	16	static
TimersManager.c:406:19:TmrTicksFromMilliseconds	24	static
TimersManager.c:417:6:TMR_Init	16	static
TimersManager.c:463:6:TMR_NotifyClkChanged	16	static
TimersManager.c:481:14:TMR_AllocateTimer	16	static
TimersManager.c:506:8:TMR_AreAllTimersOff	4	static
TimersManager.c:520:14:TMR_FreeTimer	24	static
TimersManager.c:540:6:StackTimer_ISR	8	static
TimersManager.c:553:8:TMR_IsTimerActive	16	static
TimersManager.c:567:8:TMR_IsTimerReady	16	static
TimersManager.c:580:10:TMR_GetRemainingTime	64	static
TimersManager.c:629:10:TMR_GetFirstExpireTime	32	static
TimersManager.c:657:14:TMR_GetFirstWithParam	24	static
TimersManager.c:685:14:TMR_StartTimer	48	static
TimersManager.c:742:14:TMR_StartLowPowerTimer	32	static
TimersManager.c:774:14:TMR_StartLowPowerMinuteTimer	32	static
TimersManager.c:796:14:TMR_StartLowPowerSecondTimer	32	static
TimersManager.c:819:14:TMR_StartMinuteTimer	32	static
TimersManager.c:841:14:TMR_StartSecondTimer	32	static
TimersManager.c:862:14:TMR_StartIntervalTimer	32	static
TimersManager.c:882:14:TMR_StartSingleShotTimer	32	static
TimersManager.c:901:14:TMR_StopTimer	24	static
TimersManager.c:949:6:TMR_Task	72	static
TimersManager.c:1128:6:TMR_EnableTimer	16	static
TimersManager.c:1150:10:TMR_NotCountedTicksBeforeSleep	16	static
TimersManager.c:1180:6:TMR_SyncLpmTimers	16	static
TimersManager.c:1235:6:TMR_MakeTMRThreadReady	8	static
TimersManager.c:1250:10:TMR_GetTimerFreq	4	static
TimersManager.c:1261:6:TMR_TimeStampInit	4	static
TimersManager.c:1274:10:TMR_GetTimestamp	8	static
TimersManager.c:1289:8:TMR_RTCIsOscStarted	4	static
TimersManager.c:1847:6:TMR_PITInit	4	static
TimersManager.c:1852:10:TMR_PITGetTimestamp	8	static
