running_speed_cadence_sensor.c:141:6:BleApp_Init	8	static
running_speed_cadence_sensor.c:151:6:BleApp_Start	8	static
running_speed_cadence_sensor.c:174:6:BleApp_HandleKeys	16	static
running_speed_cadence_sensor.c:217:6:BleApp_GenericCallback	16	static
running_speed_cadence_sensor.c:252:13:BleApp_Config	8	static
running_speed_cadence_sensor.c:286:13:BleApp_Advertise	24	static
running_speed_cadence_sensor.c:334:13:BleApp_AdvertisingCallback	16	static
running_speed_cadence_sensor.c:370:13:BleApp_ConnectionCallback	24	static
running_speed_cadence_sensor.c:444:13:BleApp_GattServerCallback	24	static
running_speed_cadence_sensor.c:495:13:AdvertisingTimerCallback	16	static
running_speed_cadence_sensor.c:526:13:TimerMeasurementCallback	32	static
running_speed_cadence_sensor.c:568:13:BatteryMeasurementTimerCallback	16	static
