Keyboard.c:354:13:KbGpioInit	16	static
Keyboard.c:433:6:KBD_Deinit	16	static
Keyboard.c:470:21:KBD_KeySwitchPortGet	16	static
Keyboard.c:524:15:KBD_KeyCheck	32	static
Keyboard.c:603:13:KeyScan	32	static
Keyboard.c:853:15:Switch_CheckIRQ	24	static
Keyboard.c:882:6:KBD_Init	32	static
Keyboard.c:966:8:KBD_IsWakeUpSource	16	static
Keyboard.c:994:6:KBD_PrepareEnterLowPower	4	static
Keyboard.c:1019:6:KBD_PrepareExitLowPower	4	static
Keyboard.c:1040:6:KBD_SwitchPressedOnWakeUp	8	static
Keyboard.c:1061:6:Switch_Press_ISR	16	static
