SecLib.c:238:6:SecLib_Init	8	static
SecLib.c:273:6:AES_128_Encrypt	32	static
SecLib.c:367:6:AES_128_Decrypt	32	static
SecLib.c:465:6:AES_128_ECB_Encrypt	56	static
SecLib.c:522:6:AES_128_ECB_Decrypt	56	static
SecLib.c:560:6:AES_128_ECB_Block_Encrypt	56	static
SecLib.c:609:6:AES_128_ECB_Block_Decrypt	56	static
SecLib.c:652:6:AES_128_CBC_Encrypt	40	static
SecLib.c:712:10:AES_128_CBC_Encrypt_And_Pad	32	static
SecLib.c:772:10:AES_128_CBC_Decrypt_And_Depad	32	static
SecLib.c:837:6:AES_128_CTR	56	static
SecLib.c:912:6:AES_128_CTR_Decrypt	56	static
SecLib.c:951:6:AES_128_OFB	56	static
SecLib.c:997:6:AES_128_CMAC	56	static
SecLib.c:1100:6:AES_128_CMAC_LsbFirstInput	152	static
SecLib.c:1191:6:AES_CMAC_PRF_128	64	static
SecLib.c:1241:17:AES_128_EAX_Encrypt	120	static
SecLib.c:1336:17:AES_128_EAX_Decrypt	104	static
SecLib.c:1445:9:AES_128_CCM	64	static
SecLib.c:1493:6:SecLib_XorN	24	static
SecLib.c:1521:13:AES_128_IncrementCounter	56	static
SecLib.c:1559:13:AES_128_CMAC_Generate_Subkey	96	static
SecLib.c:1612:13:SecLib_LeftShiftOneBit	24	static
SecLib.c:1640:13:SecLib_Padding	32	static
SecLib.c:1670:13:SecLib_Xor128	32	static
SecLib.c:1690:7:SHA1_AllocCtx	16	static
SecLib.c:1704:6:SHA1_FreeCtx	16	static
SecLib.c:1718:6:SHA1_CloneCtx	16	static
SecLib.c:1731:6:SHA1_Init	24	static
SecLib.c:1754:6:SHA1_HashUpdate	32	static
SecLib.c:1805:6:SHA1_HashFinish	32	static
SecLib.c:1852:6:SHA1_Hash	120	static
SecLib.c:1869:7:SHA256_AllocCtx	16	static
SecLib.c:1883:6:SHA256_FreeCtx	16	static
SecLib.c:1897:6:SHA256_CloneCtx	16	static
SecLib.c:1910:6:SHA256_Init	24	static
SecLib.c:1933:6:SHA256_HashUpdate	32	static
SecLib.c:1984:6:SHA256_HashFinish	32	static
SecLib.c:2031:6:SHA256_Hash	128	static
SecLib.c:2048:7:HMAC_SHA256_AllocCtx	16	static
SecLib.c:2062:6:HMAC_SHA256_FreeCtx	16	static
SecLib.c:2077:6:HMAC_SHA256_Init	64	static
SecLib.c:2121:6:HMAC_SHA256_Update	32	static
SecLib.c:2138:6:HMAC_SHA256_Finish	56	static
SecLib.c:2165:6:HMAC_SHA256	192	static
SecLib.c:2183:17:ECDH_P256_GenerateKeys	24	static
SecLib.c:2241:17:ECDH_P256_ComputeDhKey	48	static
SecLib.c:2331:13:SHA1_hash_n	24	static
SecLib.c:2353:13:SHA256_hash_n	24	static
SecLib.c:2374:13:AES_128_ECB_Enc_HW	48	static
SecLib.c:2403:13:AES_128_ECB_Dec_HW	48	static
SecLib.c:2432:13:AES_128_ECB_Block_Enc_HW	16	static
SecLib.c:2452:13:AES_128_ECB_Block_Dec_HW	16	static
SecLib.c:2472:13:AES_128_CTR_Enc_HW	48	static
SecLib.c:2507:13:AES_128_CTR_Dec_HW	48	static
SecLib.c:2542:13:AES_128_CMAC_HW	128	static
