core_cm4.h:1626:22:NVIC_EnableIRQ	16	static
core_cm4.h:1698:22:NVIC_SetPriority	16	static
fsl_usart.h:281:24:USART_GetStatusFlags	16	static
fsl_usart.h:301:20:USART_ClearStatusFlags	16	static
fsl_usart.h:327:20:USART_EnableInterrupts	16	static
fsl_usart.h:345:20:USART_DisableInterrupts	16	static
fsl_usart.h:357:24:USART_GetEnabledInterrupts	16	static
fsl_usart.h:408:20:USART_WriteByte	16	static
fsl_usart.h:422:23:USART_ReadByte	16	static
UART_Adapter.c:75:10:LPUART_Initialize	24	static
UART_Adapter.c:118:10:LPUART_SetBaudrate	24	static
UART_Adapter.c:135:10:LPUART_SendData	32	static
UART_Adapter.c:174:10:LPUART_ReceiveData	32	static
UART_Adapter.c:201:11:LPUART_InstallRxCalback	32	static
UART_Adapter.c:219:11:LPUART_InstallTxCalback	32	static
UART_Adapter.c:237:10:LPUART_IsTxActive	24	static
UART_Adapter.c:257:10:LPUART_EnableLowPowerWakeup	24	static
UART_Adapter.c:271:10:LPUART_DisableLowPowerWakeup	24	static
UART_Adapter.c:292:10:LPUART_IsWakeupSource	24	static
UART_Adapter.c:307:10:UART_Initialize	24	static
UART_Adapter.c:350:10:UART_SetBaudrate	24	static
UART_Adapter.c:367:10:UART_SendData	32	static
UART_Adapter.c:406:10:UART_ReceiveData	32	static
UART_Adapter.c:433:10:UART_InstallRxCalback	32	static
UART_Adapter.c:451:10:UART_InstallTxCalback	32	static
UART_Adapter.c:469:10:UART_IsTxActive	24	static
UART_Adapter.c:489:10:UART_EnableLowPowerWakeup	24	static
UART_Adapter.c:503:10:UART_DisableLowPowerWakeup	24	static
UART_Adapter.c:524:10:UART_IsWakeupSource	24	static
UART_Adapter.c:540:10:LPSCI_Initialize	24	static
UART_Adapter.c:583:10:LPSCI_SetBaudrate	24	static
UART_Adapter.c:600:10:LPSCI_SendData	32	static
UART_Adapter.c:639:10:LPSCI_ReceiveData	32	static
UART_Adapter.c:666:10:LPSCI_InstallRxCalback	32	static
UART_Adapter.c:684:10:LPSCI_InstallTxCalback	32	static
UART_Adapter.c:702:10:LPSCI_IsTxActive	24	static
UART_Adapter.c:722:10:LPSCI_EnableLowPowerWakeup	24	static
UART_Adapter.c:736:10:LPSCI_DisableLowPowerWakeup	24	static
UART_Adapter.c:757:10:LPSCI_IsWakeupSource	24	static
UART_Adapter.c:772:10:USART_Initialize	40	static
UART_Adapter.c:808:10:USART_SetBaudrate	32	static
UART_Adapter.c:825:10:USART_SendData	32	static
UART_Adapter.c:865:10:USART_ReceiveData	32	static
UART_Adapter.c:892:10:USART_InstallRxCalback	32	static
UART_Adapter.c:910:10:USART_InstallTxCalback	32	static
UART_Adapter.c:928:10:USART_IsTxActive	24	static
UART_Adapter.c:948:10:USART_EnableLowPowerWakeup	24	static
UART_Adapter.c:958:10:USART_DisableLowPowerWakeup	24	static
UART_Adapter.c:968:10:USART_IsWakeupSource	24	static
UART_Adapter.c:1283:13:USART_ISR	32	static
