NV_Flash.c:5908:14:NvModuleInit	4	static
NV_Flash.c:5949:14:NvMoveToRam	16	static
NV_Flash.c:5975:14:NvErase	16	static
NV_Flash.c:6003:14:NvSaveOnIdle	16	static
NV_Flash.c:6034:14:NvSaveOnInterval	16	static
NV_Flash.c:6060:14:NvSaveOnCount	16	static
NV_Flash.c:6087:6:NvSetMinimumTicksBetweenSaves	16	static
NV_Flash.c:6107:6:NvSetCountsBetweenSaves	16	static
NV_Flash.c:6129:8:NvTimerTick	16	static
NV_Flash.c:6156:14:NvRestoreDataSet	16	static
NV_Flash.c:6181:6:NvClearCriticalSection	4	static
NV_Flash.c:6205:6:NvSetCriticalSection	4	static
NV_Flash.c:6225:6:NvIdle	4	static
NV_Flash.c:6247:7:NvGetNvIdleTaskId	4	static
NV_Flash.c:6265:8:NvIsDataSetDirty	16	static
NV_Flash.c:6290:6:NvGetPagesStatistics	16	static
NV_Flash.c:6339:14:NvFormat	4	static
NV_Flash.c:6373:14:NvRegisterTableEntry	24	static
NV_Flash.c:6411:14:NvEraseEntryFromStorage	16	static
NV_Flash.c:6462:14:NvSyncSave	16	static
NV_Flash.c:6498:14:NvAtomicSave	4	static
NV_Flash.c:6520:6:NvShutdown	4	static
NV_Flash.c:6536:6:NvCompletePendingOperations	4	static
NV_Flash.c:6576:6:NvProgramFlash	24	static
