ApplMain.c:385:6:main_task	16	static
ApplMain.c:479:6:App_Thread	40	static
ApplMain.c:625:13:App_Connect	16	static
ApplMain.c:635:13:App_StartAdvertising	16	static
ApplMain.c:646:13:App_StartScanning	24	static
ApplMain.c:657:13:App_RegisterGattServerCallback	16	static
ApplMain.c:664:13:App_RegisterGattClientProcedureCallback	16	static
ApplMain.c:671:13:App_RegisterGattClientNotificationCallback	16	static
ApplMain.c:678:13:App_RegisterGattClientIndicationCallback	16	static
ApplMain.c:685:13:App_RegisterLeCbCallbacks	16	static
ApplMain.c:697:13:App_PostCallbackMessage	24	static
ApplMain.c:725:6:App_NvmErase	16	static
ApplMain.c:769:6:App_NvmWrite	24	static
ApplMain.c:949:6:App_NvmRead	24	static
ApplMain.c:1146:13:App_KeyboardCallBack	16	static
ApplMain.c:1160:13:App_HandleHostMessageInput	24	static
ApplMain.c:1252:13:App_GenericCallback	24	static
ApplMain.c:1273:13:App_ConnectionCallback	48	static
ApplMain.c:1369:13:App_AdvertisingCallback	24	static
ApplMain.c:1393:13:App_ScanningCallback	24	static
ApplMain.c:1441:13:App_GattServerCallback	32	static
ApplMain.c:1487:13:App_GattClientProcedureCallback	32	static
ApplMain.c:1518:13:App_GattClientNotificationCallback	40	static
ApplMain.c:1555:13:App_GattClientIndicationCallback	40	static
ApplMain.c:1592:13:App_L2caLeDataCallback	40	static
ApplMain.c:1629:13:App_L2caLeControlCallback	24	static
ApplMain.c:1695:13:BLE_SignalFromISRCallback	4	static
