fsl_common.h:386:24:DisableGlobalIRQ	16	static
fsl_common.h:413:20:EnableGlobalIRQ	24	static
fsl_power.h:211:20:POWER_RegisterWakeupEntry	16	static
fsl_iocon.h:96:22:IOCON_PinMuxSet	32	static
fsl_power.c:54:6:POWER_WritePmuCtrl1	32	static
fsl_power.c:65:6:POWER_EnablePD	24	static
fsl_power.c:84:6:POWER_DisablePD	24	static
fsl_power.c:103:6:POWER_EnableDCDC	16	static
fsl_power.c:115:6:POWER_EnableADC	24	static
fsl_power.c:140:6:POWER_LatchIO	4	static
fsl_power.c:152:6:POWER_RestoreIO	4	static
fsl_power.c:166:6:POWER_EnableSwdWakeup	8	static
fsl_power.c:185:6:POWER_RestoreSwd	8	static
fsl_power.c:200:6:POWER_GpioActiveRequest	24	static
fsl_power.c:229:6:POWER_PreEnterLowPower	8	static
fsl_power.c:234:6:POWER_PostExitLowPower	8	static
fsl_power.c:239:6:POWER_EnterSleep	4	static
fsl_power.c:255:6:POWER_EnterPowerDown	24	static
fsl_power.c:350:43:POWER_EnterPowerDownInRam	4	static
fsl_power.c:366:43:POWER_WakeupEntry	4	static
fsl_power.c:449:6:POWER_Init	8	static
